// Jest Snapshot v1, https://goo.gl/fbAQLP

exports[`Metrics: TTI should compute a simulated value 1`] = `
Object {
  "optimistic": 4178,
  "pessimistic": 4234,
  "timing": 4206,
}
`;
