// Jest Snapshot v1, https://goo.gl/fbAQLP

exports[`Metrics: Lantern TTI should compute predicted value 1`] = `
Object {
  "optimistic": 4178,
  "pessimistic": 4234,
  "timing": 4206,
}
`;

exports[`Metrics: Lantern TTI should compute predicted value on iframes with substantial layout 1`] = `
Object {
  "optimistic": 6207,
  "pessimistic": 6242,
  "timing": 6224,
}
`;
